Screen.hpp:104:18:virtual void touchgfx::Screen::afterTransition()	0	static
Screen.hpp:144:18:virtual void touchgfx::Screen::handleTickEvent()	0	static
Screen.hpp:154:18:virtual void touchgfx::Screen::handleKeyEvent(uint8_t)	0	static
grindManualView.cpp:13:6:virtual void grindManualView::tearDownScreen()	0	static
grindManualView.hpp:11:13:grindManualView::~grindManualView()	8	static
grindManualView.hpp:11:13:virtual grindManualView::~grindManualView()	8	static
grindManualView.cpp:3:1:grindManualView::grindManualView()	8	static
grindManualView.cpp:8:6:virtual void grindManualView::setupScreen()	0	static
