../../TouchGFX/gui/include/gui/beanroast_screen/beanRoastPresenter.hpp:28:13:beanRoastPresenter::~beanRoastPresenter()	0	static
C:/Users/Natha/Desktop/h5CoffeeMachine/TouchGFX/gui/src/beanroast_screen/beanRoastPresenter.cpp:10:6:virtual void beanRoastPresenter::activate()	0	static
../../TouchGFX/gui/include/gui/beanroast_screen/beanRoastPresenter.hpp:28:13:virtual beanRoastPresenter::~beanRoastPresenter()	8	static
../../TouchGFX/gui/include/gui/beanroast_screen/beanRoastPresenter.hpp:28:13:virtual void* beanRoastPresenter::_ZThn4_N18beanRoastPresenterD1Ev()	0	static
C:/Users/Natha/Desktop/h5CoffeeMachine/TouchGFX/gui/src/beanroast_screen/beanRoastPresenter.cpp:4:1:beanRoastPresenter::beanRoastPresenter(beanRoastView&)	0	static
