../../Middlewares/ST/touchgfx/framework/include/touchgfx/Screen.hpp:104:18:virtual void touchgfx::Screen::afterTransition()	0	static
../../Middlewares/ST/touchgfx/framework/include/touchgfx/Screen.hpp:144:18:virtual void touchgfx::Screen::handleTickEvent()	0	static
../../Middlewares/ST/touchgfx/framework/include/touchgfx/Screen.hpp:154:18:virtual void touchgfx::Screen::handleKeyEvent(uint8_t)	0	static
../../Middlewares/ST/touchgfx/framework/include/touchgfx/TypedText.hpp:65:13:touchgfx::TypedText::~TypedText()	0	static
../../Middlewares/ST/touchgfx/framework/include/touchgfx/Callback.hpp:357:8:touchgfx::Callback<beanGrindView, short int>::~Callback()	0	static
C:/Users/Natha/Desktop/h5CoffeeMachine/TouchGFX/gui/src/beangrind_screen/beanGrindView.cpp:18:6:virtual void beanGrindView::tearDownScreen()	0	static
../../Middlewares/ST/touchgfx/framework/include/touchgfx/Callback.hpp:386:18:void touchgfx::Callback<dest_type, T1, void, void>::execute(T1) [with dest_type = beanGrindView; T1 = short int]	8	static
../../Middlewares/ST/touchgfx/framework/include/touchgfx/Callback.hpp:396:18:bool touchgfx::Callback<dest_type, T1, void, void>::isValid() const [with dest_type = beanGrindView; T1 = short int]	0	static
../../Middlewares/ST/touchgfx/framework/include/touchgfx/TypedText.hpp:65:13:virtual touchgfx::TypedText::~TypedText()	8	static
../../Middlewares/ST/touchgfx/framework/include/touchgfx/Callback.hpp:357:8:virtual touchgfx::Callback<beanGrindView, short int>::~Callback()	8	static
C:/Users/Natha/Desktop/h5CoffeeMachine/TouchGFX/gui/src/beangrind_screen/beanGrindView.cpp:23:6:virtual void beanGrindView::scrollWheel2UpdateItem(listElement1&, int16_t)	0	static
../../TouchGFX/gui/include/gui/beangrind_screen/beanGrindView.hpp:11:13:beanGrindView::~beanGrindView()	8	static
../../TouchGFX/gui/include/gui/beangrind_screen/beanGrindView.hpp:11:13:virtual beanGrindView::~beanGrindView()	8	static
C:/Users/Natha/Desktop/h5CoffeeMachine/TouchGFX/gui/src/beangrind_screen/beanGrindView.cpp:6:1:beanGrindView::beanGrindView()	8	static
C:/Users/Natha/Desktop/h5CoffeeMachine/TouchGFX/gui/src/beangrind_screen/beanGrindView.cpp:12:6:virtual void beanGrindView::setupScreen()	8	static
C:/Users/Natha/Desktop/h5CoffeeMachine/TouchGFX/gui/src/beangrind_screen/beanGrindView.cpp:28:6:void beanGrindView::scrollWheel2_ItemSelectedHandler(int16_t)	24	static
