../../TouchGFX/gui/include/gui/coffeemake_screen/coffeeMakePresenter.hpp:28:13:coffeeMakePresenter::~coffeeMakePresenter()	0	static
C:/Users/Natha/Desktop/h5CoffeeMachine/TouchGFX/gui/src/coffeemake_screen/coffeeMakePresenter.cpp:10:6:virtual void coffeeMakePresenter::activate()	0	static
../../TouchGFX/gui/include/gui/coffeemake_screen/coffeeMakePresenter.hpp:28:13:virtual coffeeMakePresenter::~coffeeMakePresenter()	8	static
C:/Users/Natha/Desktop/h5CoffeeMachine/TouchGFX/gui/src/coffeemake_screen/coffeeMakePresenter.cpp:20:6:virtual void coffeeMakePresenter::menuSelected(int16_t)	0	static
../../TouchGFX/gui/include/gui/coffeemake_screen/coffeeMakePresenter.hpp:28:13:virtual void* coffeeMakePresenter::_ZThn4_N19coffeeMakePresenterD1Ev()	0	static
C:/Users/Natha/Desktop/h5CoffeeMachine/TouchGFX/gui/src/coffeemake_screen/coffeeMakePresenter.cpp:4:1:coffeeMakePresenter::coffeeMakePresenter(coffeeMakeView&)	0	static
