../../Middlewares/ST/touchgfx/framework/include/touchgfx/Screen.hpp:104:18:virtual void touchgfx::Screen::afterTransition()	0	static
../../Middlewares/ST/touchgfx/framework/include/touchgfx/Screen.hpp:144:18:virtual void touchgfx::Screen::handleTickEvent()	0	static
../../Middlewares/ST/touchgfx/framework/include/touchgfx/Screen.hpp:154:18:virtual void touchgfx::Screen::handleKeyEvent(uint8_t)	0	static
C:/Users/Natha/Desktop/h5CoffeeMachine/TouchGFX/gui/src/functionselect_screen/functionSelectView.cpp:13:6:virtual void functionSelectView::tearDownScreen()	0	static
../../TouchGFX/gui/include/gui/functionselect_screen/functionSelectView.hpp:11:13:functionSelectView::~functionSelectView()	8	static
../../TouchGFX/gui/include/gui/functionselect_screen/functionSelectView.hpp:11:13:virtual functionSelectView::~functionSelectView()	8	static
C:/Users/Natha/Desktop/h5CoffeeMachine/TouchGFX/gui/src/functionselect_screen/functionSelectView.cpp:3:1:functionSelectView::functionSelectView()	8	static
C:/Users/Natha/Desktop/h5CoffeeMachine/TouchGFX/gui/src/functionselect_screen/functionSelectView.cpp:8:6:virtual void functionSelectView::setupScreen()	0	static
