../../TouchGFX/gui/include/gui/functionselect_screen/functionSelectPresenter.hpp:28:13:functionSelectPresenter::~functionSelectPresenter()	0	static
C:/Users/Natha/Desktop/h5CoffeeMachine/TouchGFX/gui/src/functionselect_screen/functionSelectPresenter.cpp:10:6:virtual void functionSelectPresenter::activate()	0	static
../../TouchGFX/gui/include/gui/functionselect_screen/functionSelectPresenter.hpp:28:13:virtual functionSelectPresenter::~functionSelectPresenter()	8	static
../../TouchGFX/gui/include/gui/functionselect_screen/functionSelectPresenter.hpp:28:13:virtual void* functionSelectPresenter::_ZThn4_N23functionSelectPresenterD1Ev()	0	static
C:/Users/Natha/Desktop/h5CoffeeMachine/TouchGFX/gui/src/functionselect_screen/functionSelectPresenter.cpp:4:1:functionSelectPresenter::functionSelectPresenter(functionSelectView&)	0	static
