../../TouchGFX/gui/include/gui/grindmanual_screen/grindManualPresenter.hpp:28:13:grindManualPresenter::~grindManualPresenter()	0	static
C:/Users/Natha/Desktop/h5CoffeeMachine/TouchGFX/gui/src/grindmanual_screen/grindManualPresenter.cpp:10:6:virtual void grindManualPresenter::activate()	0	static
../../TouchGFX/gui/include/gui/grindmanual_screen/grindManualPresenter.hpp:28:13:virtual grindManualPresenter::~grindManualPresenter()	8	static
../../TouchGFX/gui/include/gui/grindmanual_screen/grindManualPresenter.hpp:28:13:virtual void* grindManualPresenter::_ZThn4_N20grindManualPresenterD1Ev()	0	static
C:/Users/Natha/Desktop/h5CoffeeMachine/TouchGFX/gui/src/grindmanual_screen/grindManualPresenter.cpp:4:1:grindManualPresenter::grindManualPresenter(grindManualView&)	0	static
