../../Middlewares/ST/touchgfx/framework/include/touchgfx/Screen.hpp:104:18:virtual void touchgfx::Screen::afterTransition()	0	static
../../Middlewares/ST/touchgfx/framework/include/touchgfx/Screen.hpp:144:18:virtual void touchgfx::Screen::handleTickEvent()	0	static
../../Middlewares/ST/touchgfx/framework/include/touchgfx/Screen.hpp:154:18:virtual void touchgfx::Screen::handleKeyEvent(uint8_t)	0	static
C:/Users/Natha/Desktop/h5CoffeeMachine/TouchGFX/gui/src/grindmanual_screen/grindManualView.cpp:13:6:virtual void grindManualView::tearDownScreen()	0	static
../../TouchGFX/gui/include/gui/grindmanual_screen/grindManualView.hpp:11:13:grindManualView::~grindManualView()	8	static
../../TouchGFX/gui/include/gui/grindmanual_screen/grindManualView.hpp:11:13:virtual grindManualView::~grindManualView()	8	static
C:/Users/Natha/Desktop/h5CoffeeMachine/TouchGFX/gui/src/grindmanual_screen/grindManualView.cpp:3:1:grindManualView::grindManualView()	8	static
C:/Users/Natha/Desktop/h5CoffeeMachine/TouchGFX/gui/src/grindmanual_screen/grindManualView.cpp:8:6:virtual void grindManualView::setupScreen()	0	static
