../../Middlewares/ST/touchgfx/framework/include/touchgfx/Drawable.hpp:315:18:virtual void touchgfx::Drawable::setX(int16_t)	0	static
../../Middlewares/ST/touchgfx/framework/include/touchgfx/Drawable.hpp:356:18:virtual void touchgfx::Drawable::setWidth(int16_t)	0	static
../../Middlewares/ST/touchgfx/framework/include/touchgfx/Drawable.hpp:368:18:virtual void touchgfx::Drawable::setHeight(int16_t)	0	static
../../Middlewares/ST/touchgfx/framework/include/touchgfx/Drawable.hpp:378:18:virtual void touchgfx::Drawable::childGeometryChanged()	0	static
../../Middlewares/ST/touchgfx/framework/include/touchgfx/Drawable.hpp:389:18:virtual void touchgfx::Drawable::handleClickEvent(const touchgfx::ClickEvent&)	0	static
../../Middlewares/ST/touchgfx/framework/include/touchgfx/Drawable.hpp:401:18:virtual void touchgfx::Drawable::handleGestureEvent(const touchgfx::GestureEvent&)	0	static
../../Middlewares/ST/touchgfx/framework/include/touchgfx/Drawable.hpp:490:18:virtual void touchgfx::Drawable::handleDragEvent(const touchgfx::DragEvent&)	0	static
../../Middlewares/ST/touchgfx/framework/include/touchgfx/Drawable.hpp:501:18:virtual void touchgfx::Drawable::handleTickEvent()	0	static
../../Middlewares/ST/touchgfx/framework/include/touchgfx/Drawable.hpp:588:18:virtual void touchgfx::Drawable::moveTo(int16_t, int16_t)	4	static
../../Middlewares/ST/touchgfx/framework/include/touchgfx/containers/Container.hpp:165:23:virtual touchgfx::Drawable* touchgfx::Container::getFirstChild()	0	static
../../Middlewares/ST/touchgfx/framework/include/touchgfx/TypedText.hpp:65:13:touchgfx::TypedText::~TypedText()	0	static
../../Middlewares/ST/touchgfx/framework/include/touchgfx/TypedText.hpp:65:13:virtual touchgfx::TypedText::~TypedText()	8	static
../../TouchGFX/gui/include/gui/containers/listElement3.hpp:10:13:listElement3::~listElement3()	8	static
../../TouchGFX/gui/include/gui/containers/listElement3.hpp:10:13:virtual listElement3::~listElement3()	8	static
../../Middlewares/ST/touchgfx/framework/include/touchgfx/Drawable.hpp:121:18:virtual void touchgfx::Drawable::invalidateContent() const	0	static
C:/Users/Natha/Desktop/h5CoffeeMachine/TouchGFX/gui/src/containers/listElement3.cpp:9:1:listElement3::listElement3()	8	static
C:/Users/Natha/Desktop/h5CoffeeMachine/TouchGFX/gui/src/containers/listElement3.cpp:19:6:void listElement3::offset(int16_t)	0	static
C:/Users/Natha/Desktop/h5CoffeeMachine/TouchGFX/gui/src/containers/listElement3.cpp:24:6:void listElement3::alphaAdjust(int16_t)	0	static
C:/Users/Natha/Desktop/h5CoffeeMachine/TouchGFX/gui/src/containers/listElement3.cpp:29:6:void listElement3::colorAdjustGold()	0	static
C:/Users/Natha/Desktop/h5CoffeeMachine/TouchGFX/gui/src/containers/listElement3.cpp:35:6:void listElement3::colorAdjustGrey()	0	static
C:/Users/Natha/Desktop/h5CoffeeMachine/TouchGFX/gui/src/containers/listElement3.cpp:41:6:virtual void listElement3::setY(int16_t)	8	static
C:/Users/Natha/Desktop/h5CoffeeMachine/TouchGFX/gui/src/containers/listElement3.cpp:57:6:void listElement3::setListElements(int)	16	static
C:/Users/Natha/Desktop/h5CoffeeMachine/TouchGFX/gui/src/containers/listElement3.cpp:14:6:virtual void listElement3::initialize()	0	static
