../../Middlewares/ST/touchgfx/framework/include/touchgfx/Screen.hpp:104:18:virtual void touchgfx::Screen::afterTransition()	0	static
../../Middlewares/ST/touchgfx/framework/include/touchgfx/Screen.hpp:154:18:virtual void touchgfx::Screen::handleKeyEvent(uint8_t)	0	static
../../Middlewares/ST/touchgfx/framework/include/touchgfx/TypedText.hpp:65:13:touchgfx::TypedText::~TypedText()	0	static
C:/Users/Natha/Desktop/h5CoffeeMachine/TouchGFX/gui/src/makeprog_screen/makeProgView.cpp:14:6:virtual void makeProgView::tearDownScreen()	0	static
../../Middlewares/ST/touchgfx/framework/include/touchgfx/TypedText.hpp:65:13:virtual touchgfx::TypedText::~TypedText()	8	static
../../TouchGFX/gui/include/gui/makeprog_screen/makeProgView.hpp:11:13:makeProgView::~makeProgView()	8	static
../../TouchGFX/gui/include/gui/makeprog_screen/makeProgView.hpp:11:13:virtual makeProgView::~makeProgView()	8	static
C:/Users/Natha/Desktop/h5CoffeeMachine/TouchGFX/gui/src/makeprog_screen/makeProgView.cpp:4:1:makeProgView::makeProgView()	8	static
C:/Users/Natha/Desktop/h5CoffeeMachine/TouchGFX/gui/src/makeprog_screen/makeProgView.cpp:9:6:virtual void makeProgView::setupScreen()	0	static
C:/Users/Natha/Desktop/h5CoffeeMachine/TouchGFX/gui/src/makeprog_screen/makeProgView.cpp:19:6:virtual void makeProgView::handleTickEvent()	40	static
