../../TouchGFX/gui/include/gui/roastprog_screen/roastProgPresenter.hpp:28:13:roastProgPresenter::~roastProgPresenter()	0	static
C:/Users/Natha/Desktop/h5CoffeeMachine/TouchGFX/gui/src/roastprog_screen/roastProgPresenter.cpp:10:6:virtual void roastProgPresenter::activate()	0	static
../../TouchGFX/gui/include/gui/roastprog_screen/roastProgPresenter.hpp:28:13:virtual roastProgPresenter::~roastProgPresenter()	8	static
../../TouchGFX/gui/include/gui/roastprog_screen/roastProgPresenter.hpp:28:13:virtual void* roastProgPresenter::_ZThn4_N18roastProgPresenterD1Ev()	0	static
C:/Users/Natha/Desktop/h5CoffeeMachine/TouchGFX/gui/src/roastprog_screen/roastProgPresenter.cpp:4:1:roastProgPresenter::roastProgPresenter(roastProgView&)	0	static
