../../TouchGFX/gui/include/gui/screencheck_screen/screenCheckPresenter.hpp:28:13:screenCheckPresenter::~screenCheckPresenter()	0	static
C:/Users/Natha/Desktop/h5CoffeeMachine/TouchGFX/gui/src/screencheck_screen/screenCheckPresenter.cpp:10:6:virtual void screenCheckPresenter::activate()	0	static
../../TouchGFX/gui/include/gui/screencheck_screen/screenCheckPresenter.hpp:28:13:virtual screenCheckPresenter::~screenCheckPresenter()	8	static
../../TouchGFX/gui/include/gui/screencheck_screen/screenCheckPresenter.hpp:28:13:virtual void* screenCheckPresenter::_ZThn4_N20screenCheckPresenterD1Ev()	0	static
C:/Users/Natha/Desktop/h5CoffeeMachine/TouchGFX/gui/src/screencheck_screen/screenCheckPresenter.cpp:4:1:screenCheckPresenter::screenCheckPresenter(screenCheckView&)	0	static
