../../Middlewares/ST/touchgfx/framework/include/touchgfx/Screen.hpp:104:18:virtual void touchgfx::Screen::afterTransition()	0	static
../../Middlewares/ST/touchgfx/framework/include/touchgfx/Screen.hpp:144:18:virtual void touchgfx::Screen::handleTickEvent()	0	static
../../Middlewares/ST/touchgfx/framework/include/touchgfx/Screen.hpp:154:18:virtual void touchgfx::Screen::handleKeyEvent(uint8_t)	0	static
C:/Users/Natha/Desktop/h5CoffeeMachine/TouchGFX/gui/src/systeminfo_screen/systemInfoView.cpp:13:6:virtual void systemInfoView::tearDownScreen()	0	static
../../TouchGFX/gui/include/gui/systeminfo_screen/systemInfoView.hpp:11:13:systemInfoView::~systemInfoView()	8	static
../../TouchGFX/gui/include/gui/systeminfo_screen/systemInfoView.hpp:11:13:virtual systemInfoView::~systemInfoView()	8	static
C:/Users/Natha/Desktop/h5CoffeeMachine/TouchGFX/gui/src/systeminfo_screen/systemInfoView.cpp:3:1:systemInfoView::systemInfoView()	8	static
C:/Users/Natha/Desktop/h5CoffeeMachine/TouchGFX/gui/src/systeminfo_screen/systemInfoView.cpp:8:6:virtual void systemInfoView::setupScreen()	0	static
