../../TouchGFX/gui/include/gui/systeminfo_screen/systemInfoPresenter.hpp:28:13:systemInfoPresenter::~systemInfoPresenter()	0	static
C:/Users/Natha/Desktop/h5CoffeeMachine/TouchGFX/gui/src/systeminfo_screen/systemInfoPresenter.cpp:10:6:virtual void systemInfoPresenter::activate()	0	static
../../TouchGFX/gui/include/gui/systeminfo_screen/systemInfoPresenter.hpp:28:13:virtual systemInfoPresenter::~systemInfoPresenter()	8	static
../../TouchGFX/gui/include/gui/systeminfo_screen/systemInfoPresenter.hpp:28:13:virtual void* systemInfoPresenter::_ZThn4_N19systemInfoPresenterD1Ev()	0	static
C:/Users/Natha/Desktop/h5CoffeeMachine/TouchGFX/gui/src/systeminfo_screen/systemInfoPresenter.cpp:4:1:systemInfoPresenter::systemInfoPresenter(systemInfoView&)	0	static
