Drawable.hpp:121:18:virtual void touchgfx::Drawable::invalidateContent() const	0	static
Drawable.hpp:147:23:virtual touchgfx::Drawable* touchgfx::Drawable::getFirstChild()	0	static
Drawable.hpp:315:18:virtual void touchgfx::Drawable::setX(int16_t)	0	static
Drawable.hpp:327:18:virtual void touchgfx::Drawable::setY(int16_t)	0	static
Drawable.hpp:356:18:virtual void touchgfx::Drawable::setWidth(int16_t)	0	static
Drawable.hpp:368:18:virtual void touchgfx::Drawable::setHeight(int16_t)	0	static
Drawable.hpp:378:18:virtual void touchgfx::Drawable::childGeometryChanged()	0	static
Drawable.hpp:389:18:virtual void touchgfx::Drawable::handleClickEvent(const touchgfx::ClickEvent&)	0	static
Drawable.hpp:401:18:virtual void touchgfx::Drawable::handleGestureEvent(const touchgfx::GestureEvent&)	0	static
Drawable.hpp:490:18:virtual void touchgfx::Drawable::handleDragEvent(const touchgfx::DragEvent&)	0	static
Drawable.hpp:501:18:virtual void touchgfx::Drawable::handleTickEvent()	0	static
Drawable.hpp:588:18:virtual void touchgfx::Drawable::moveTo(int16_t, int16_t)	4	static
Drawable.hpp:703:18:virtual void touchgfx::Drawable::setupDrawChain(const touchgfx::Rect&, touchgfx::Drawable**)	0	static
Widget.hpp:45:18:virtual void touchgfx::Widget::getLastChild(int16_t, int16_t, touchgfx::Drawable**)	0	static
Container.hpp:165:23:virtual touchgfx::Drawable* touchgfx::Container::getFirstChild()	0	static
Screen.hpp:93:18:virtual void touchgfx::Screen::setupScreen()	0	static
Screen.hpp:104:18:virtual void touchgfx::Screen::afterTransition()	0	static
Screen.hpp:115:18:virtual void touchgfx::Screen::tearDownScreen()	0	static
Screen.hpp:144:18:virtual void touchgfx::Screen::handleTickEvent()	0	static
Screen.hpp:154:18:virtual void touchgfx::Screen::handleKeyEvent(uint8_t)	0	static
TypedText.hpp:65:13:touchgfx::TypedText::~TypedText()	0	static
AbstractButtonContainer.hpp:114:18:virtual void touchgfx::AbstractButtonContainer::handlePressedUpdated()	0	static
AbstractButtonContainer.hpp:119:18:virtual void touchgfx::AbstractButtonContainer::handleAlphaUpdated()	0	static
AbstractButtonContainer.hpp:34:7:touchgfx::AbstractButtonContainer::~AbstractButtonContainer()	0	static
beanRoastViewBase.hpp:26:18:virtual void beanRoastViewBase::scrollWheel1UpdateItem(listElement2&, int16_t)	0	static
beanRoastViewBase.hpp:31:18:virtual void beanRoastViewBase::scrollWheel2UpdateItem(listElement3&, int16_t)	0	static
beanRoastViewBase.hpp:36:18:virtual void beanRoastViewBase::scrollWheel3UpdateItem(listElement4&, int16_t)	0	static
View.hpp:36:7:touchgfx::View<beanRoastPresenter>::~View()	0	static
beanRoastViewBase.cpp:159:6:void beanRoastViewBase::updateItemCallbackHandler(touchgfx::DrawableListItemsInterface*, int16_t, int16_t)	24	static
ClickButtonTrigger.hpp:35:7:touchgfx::ClickButtonTrigger::~ClickButtonTrigger()	0	static
DrawableList.hpp:101:21:int16_t touchgfx::DrawableListItems<TYPE, SIZE>::getNumberOfDrawables() [with TYPE = listElement2; int SIZE = 4]	0	static
DrawableList.hpp:101:21:int16_t touchgfx::DrawableListItems<TYPE, SIZE>::getNumberOfDrawables() [with TYPE = listElement3; int SIZE = 4]	0	static
DrawableList.hpp:101:21:int16_t touchgfx::DrawableListItems<TYPE, SIZE>::getNumberOfDrawables() [with TYPE = listElement4; int SIZE = 4]	0	static
Callback.hpp:357:8:touchgfx::Callback<beanRoastViewBase, const touchgfx::AbstractButton&>::~Callback()	0	static
Callback.hpp:357:8:touchgfx::Callback<beanRoastViewBase, const touchgfx::AbstractButtonContainer&>::~Callback()	0	static
Callback.hpp:218:8:touchgfx::Callback<beanRoastViewBase, touchgfx::DrawableListItemsInterface*, short int, short int>::~Callback()	0	static
DrawableList.hpp:79:7:touchgfx::DrawableListItems<listElement4, 4>::~DrawableListItems()	16	static
DrawableList.hpp:79:7:touchgfx::DrawableListItems<listElement3, 4>::~DrawableListItems()	16	static
DrawableList.hpp:79:7:touchgfx::DrawableListItems<listElement2, 4>::~DrawableListItems()	16	static
beanRoastViewBase.cpp:113:1:beanRoastViewBase::~beanRoastViewBase()	8	static
IconButtonStyle.hpp:44:7:touchgfx::IconButtonStyle<touchgfx::ClickButtonTrigger>::~IconButtonStyle()	0	static
Callback.hpp:386:18:void touchgfx::Callback<dest_type, T1, void, void>::execute(T1) [with dest_type = beanRoastViewBase; T1 = const touchgfx::AbstractButton&]	8	static
Callback.hpp:396:18:bool touchgfx::Callback<dest_type, T1, void, void>::isValid() const [with dest_type = beanRoastViewBase; T1 = const touchgfx::AbstractButton&]	0	static
Callback.hpp:386:18:void touchgfx::Callback<dest_type, T1, void, void>::execute(T1) [with dest_type = beanRoastViewBase; T1 = const touchgfx::AbstractButtonContainer&]	8	static
Callback.hpp:396:18:bool touchgfx::Callback<dest_type, T1, void, void>::isValid() const [with dest_type = beanRoastViewBase; T1 = const touchgfx::AbstractButtonContainer&]	0	static
Callback.hpp:250:18:void touchgfx::Callback<dest_type, T1, T2, T3>::execute(T1, T2, T3) [with dest_type = beanRoastViewBase; T1 = touchgfx::DrawableListItemsInterface*; T2 = short int; T3 = short int]	16	static
Callback.hpp:260:18:bool touchgfx::Callback<dest_type, T1, T2, T3>::isValid() const [with dest_type = beanRoastViewBase; T1 = touchgfx::DrawableListItemsInterface*; T2 = short int; T3 = short int]	0	static
IconButtonStyle.hpp:144:18:void touchgfx::IconButtonStyle<T>::handleAlphaUpdated() [with T = touchgfx::ClickButtonTrigger]	0	static
TypedText.hpp:65:13:virtual touchgfx::TypedText::~TypedText()	8	static
View.hpp:36:7:virtual touchgfx::View<beanRoastPresenter>::~View()	8	static
AbstractButtonContainer.hpp:34:7:virtual touchgfx::AbstractButtonContainer::~AbstractButtonContainer()	8	static
ClickButtonTrigger.hpp:35:7:virtual touchgfx::ClickButtonTrigger::~ClickButtonTrigger()	8	static
IconButtonStyle.hpp:44:7:virtual touchgfx::IconButtonStyle<touchgfx::ClickButtonTrigger>::~IconButtonStyle()	8	static
DrawableList.hpp:79:7:virtual touchgfx::DrawableListItems<listElement2, 4>::~DrawableListItems()	8	static
DrawableList.hpp:79:7:virtual touchgfx::DrawableListItems<listElement3, 4>::~DrawableListItems()	8	static
DrawableList.hpp:79:7:virtual touchgfx::DrawableListItems<listElement4, 4>::~DrawableListItems()	8	static
Callback.hpp:218:8:virtual touchgfx::Callback<beanRoastViewBase, touchgfx::DrawableListItemsInterface*, short int, short int>::~Callback()	8	static
Callback.hpp:357:8:virtual touchgfx::Callback<beanRoastViewBase, const touchgfx::AbstractButtonContainer&>::~Callback()	8	static
Callback.hpp:357:8:virtual touchgfx::Callback<beanRoastViewBase, const touchgfx::AbstractButton&>::~Callback()	8	static
beanRoastViewBase.cpp:113:1:virtual beanRoastViewBase::~beanRoastViewBase()	8	static
IconButtonStyle.hpp:137:18:void touchgfx::IconButtonStyle<T>::handlePressedUpdated() [with T = touchgfx::ClickButtonTrigger]	0	static
DrawableList.hpp:82:23:touchgfx::Drawable* touchgfx::DrawableListItems<TYPE, SIZE>::getDrawable(int16_t) [with TYPE = listElement2; int SIZE = 4]	8	static
DrawableList.hpp:82:23:touchgfx::Drawable* touchgfx::DrawableListItems<TYPE, SIZE>::getDrawable(int16_t) [with TYPE = listElement3; int SIZE = 4]	8	static
DrawableList.hpp:82:23:touchgfx::Drawable* touchgfx::DrawableListItems<TYPE, SIZE>::getDrawable(int16_t) [with TYPE = listElement4; int SIZE = 4]	8	static
beanRoastViewBase.cpp:118:6:virtual void beanRoastViewBase::setupScreen()	16	static
AbstractButtonContainer.hpp:99:18:virtual void touchgfx::AbstractButtonContainer::executeAction()	8	static
ClickButtonTrigger.hpp:47:18:virtual void touchgfx::ClickButtonTrigger::handleClickEvent(const touchgfx::ClickEvent&)	16	static
beanRoastViewBase.cpp:137:6:void beanRoastViewBase::flexButtonCallbackHandler(const touchgfx::AbstractButtonContainer&)	8	static
beanRoastViewBase.cpp:148:6:void beanRoastViewBase::buttonCallbackHandler(const touchgfx::AbstractButton&)	8	static
Drawable.hpp:48:5:touchgfx::Drawable::Drawable()	0	static
Drawable.hpp:343:10:void touchgfx::Drawable::setXY(int16_t, int16_t)	16	static
IconButtonStyle.hpp:59:18:void touchgfx::IconButtonStyle<T>::setIconBitmaps(const touchgfx::Bitmap&, const touchgfx::Bitmap&) [with T = touchgfx::ClickButtonTrigger]	32	static
Drawable.hpp:233:10:void touchgfx::Drawable::setPosition(int16_t, int16_t, int16_t, int16_t)	16	static
Box.hpp:33:5:touchgfx::Box::Box()	8	static
TextArea.hpp:43:5:touchgfx::TextArea::TextArea()	8	static
ButtonWithLabel.hpp:132:10:void touchgfx::ButtonWithLabel::updateTextPosition()	24	static
beanRoastViewBase.cpp:9:1:beanRoastViewBase::beanRoastViewBase()	128	static
