../../Middlewares/ST/touchgfx/framework/include/touchgfx/Drawable.hpp:147:23:virtual touchgfx::Drawable* touchgfx::Drawable::getFirstChild()	0	static
../../Middlewares/ST/touchgfx/framework/include/touchgfx/Drawable.hpp:315:18:virtual void touchgfx::Drawable::setX(int16_t)	0	static
../../Middlewares/ST/touchgfx/framework/include/touchgfx/Drawable.hpp:327:18:virtual void touchgfx::Drawable::setY(int16_t)	0	static
../../Middlewares/ST/touchgfx/framework/include/touchgfx/Drawable.hpp:356:18:virtual void touchgfx::Drawable::setWidth(int16_t)	0	static
../../Middlewares/ST/touchgfx/framework/include/touchgfx/Drawable.hpp:368:18:virtual void touchgfx::Drawable::setHeight(int16_t)	0	static
../../Middlewares/ST/touchgfx/framework/include/touchgfx/Drawable.hpp:378:18:virtual void touchgfx::Drawable::childGeometryChanged()	0	static
../../Middlewares/ST/touchgfx/framework/include/touchgfx/Drawable.hpp:389:18:virtual void touchgfx::Drawable::handleClickEvent(const touchgfx::ClickEvent&)	0	static
../../Middlewares/ST/touchgfx/framework/include/touchgfx/Drawable.hpp:401:18:virtual void touchgfx::Drawable::handleGestureEvent(const touchgfx::GestureEvent&)	0	static
../../Middlewares/ST/touchgfx/framework/include/touchgfx/Drawable.hpp:490:18:virtual void touchgfx::Drawable::handleDragEvent(const touchgfx::DragEvent&)	0	static
../../Middlewares/ST/touchgfx/framework/include/touchgfx/Drawable.hpp:501:18:virtual void touchgfx::Drawable::handleTickEvent()	0	static
../../Middlewares/ST/touchgfx/framework/include/touchgfx/Drawable.hpp:588:18:virtual void touchgfx::Drawable::moveTo(int16_t, int16_t)	4	static
../../Middlewares/ST/touchgfx/framework/include/touchgfx/Drawable.hpp:703:18:virtual void touchgfx::Drawable::setupDrawChain(const touchgfx::Rect&, touchgfx::Drawable**)	0	static
../../Middlewares/ST/touchgfx/framework/include/touchgfx/containers/Container.hpp:165:23:virtual touchgfx::Drawable* touchgfx::Container::getFirstChild()	0	static
../../Middlewares/ST/touchgfx/framework/include/touchgfx/Screen.hpp:93:18:virtual void touchgfx::Screen::setupScreen()	0	static
../../Middlewares/ST/touchgfx/framework/include/touchgfx/Screen.hpp:104:18:virtual void touchgfx::Screen::afterTransition()	0	static
../../Middlewares/ST/touchgfx/framework/include/touchgfx/Screen.hpp:115:18:virtual void touchgfx::Screen::tearDownScreen()	0	static
../../Middlewares/ST/touchgfx/framework/include/touchgfx/Screen.hpp:144:18:virtual void touchgfx::Screen::handleTickEvent()	0	static
../../Middlewares/ST/touchgfx/framework/include/touchgfx/Screen.hpp:154:18:virtual void touchgfx::Screen::handleKeyEvent(uint8_t)	0	static
../../Middlewares/ST/touchgfx/framework/include/touchgfx/widgets/canvas/AbstractPainter.hpp:61:34:virtual touchgfx::HAL::RenderingMethod touchgfx::AbstractPainter::getRenderingMethod() const	0	static
../../Middlewares/ST/touchgfx/framework/include/touchgfx/widgets/canvas/AbstractPainter.hpp:78:18:virtual bool touchgfx::AbstractPainter::setup(const touchgfx::Rect&) const	0	static
../../Middlewares/ST/touchgfx/framework/include/touchgfx/widgets/canvas/AbstractPainter.hpp:90:18:virtual void touchgfx::AbstractPainter::tearDown() const	0	static
../../Middlewares/ST/touchgfx/framework/include/touchgfx/TypedText.hpp:65:13:touchgfx::TypedText::~TypedText()	0	static
../../Middlewares/ST/touchgfx/framework/include/touchgfx/containers/buttons/AbstractButtonContainer.hpp:114:18:virtual void touchgfx::AbstractButtonContainer::handlePressedUpdated()	0	static
../../Middlewares/ST/touchgfx/framework/include/touchgfx/containers/buttons/AbstractButtonContainer.hpp:119:18:virtual void touchgfx::AbstractButtonContainer::handleAlphaUpdated()	0	static
../../Middlewares/ST/touchgfx/framework/include/touchgfx/containers/buttons/AbstractButtonContainer.hpp:34:7:touchgfx::AbstractButtonContainer::~AbstractButtonContainer()	0	static
../../TouchGFX/generated/gui_generated/include/gui_generated/beangrind_screen/beanGrindViewBase.hpp:25:18:virtual void beanGrindViewBase::scrollWheel2UpdateItem(listElement1&, int16_t)	0	static
../../Middlewares/ST/touchgfx/framework/include/mvp/View.hpp:36:7:touchgfx::View<beanGrindPresenter>::~View()	0	static
../../Middlewares/ST/touchgfx/framework/include/touchgfx/containers/scrollers/DrawableList.hpp:79:7:touchgfx::DrawableListItems<listElement1, 5>::~DrawableListItems()	16	static
../../Middlewares/ST/touchgfx/framework/include/touchgfx/containers/buttons/ClickButtonTrigger.hpp:35:7:touchgfx::ClickButtonTrigger::~ClickButtonTrigger()	0	static
../../Middlewares/ST/touchgfx/framework/include/touchgfx/containers/buttons/IconButtonStyle.hpp:44:7:touchgfx::IconButtonStyle<touchgfx::ClickButtonTrigger>::~IconButtonStyle()	0	static
../../Middlewares/ST/touchgfx/framework/include/touchgfx/Callback.hpp:218:8:touchgfx::Callback<beanGrindViewBase, touchgfx::DrawableListItemsInterface*, short int, short int>::~Callback()	0	static
../../Middlewares/ST/touchgfx/framework/include/touchgfx/Callback.hpp:357:8:touchgfx::Callback<beanGrindViewBase, const touchgfx::AbstractButtonContainer&>::~Callback()	0	static
../../Middlewares/ST/touchgfx/framework/include/touchgfx/containers/scrollers/DrawableList.hpp:101:21:int16_t touchgfx::DrawableListItems<TYPE, SIZE>::getNumberOfDrawables() [with TYPE = listElement1; int SIZE = 5]	0	static
../../Middlewares/ST/touchgfx/framework/include/touchgfx/Callback.hpp:386:18:void touchgfx::Callback<dest_type, T1, void, void>::execute(T1) [with dest_type = beanGrindViewBase; T1 = const touchgfx::AbstractButtonContainer&]	8	static
../../Middlewares/ST/touchgfx/framework/include/touchgfx/Callback.hpp:396:18:bool touchgfx::Callback<dest_type, T1, void, void>::isValid() const [with dest_type = beanGrindViewBase; T1 = const touchgfx::AbstractButtonContainer&]	0	static
../../Middlewares/ST/touchgfx/framework/include/touchgfx/Callback.hpp:250:18:void touchgfx::Callback<dest_type, T1, T2, T3>::execute(T1, T2, T3) [with dest_type = beanGrindViewBase; T1 = touchgfx::DrawableListItemsInterface*; T2 = short int; T3 = short int]	16	static
../../Middlewares/ST/touchgfx/framework/include/touchgfx/Callback.hpp:260:18:bool touchgfx::Callback<dest_type, T1, T2, T3>::isValid() const [with dest_type = beanGrindViewBase; T1 = touchgfx::DrawableListItemsInterface*; T2 = short int; T3 = short int]	0	static
../../Middlewares/ST/touchgfx/framework/include/touchgfx/containers/buttons/IconButtonStyle.hpp:144:18:void touchgfx::IconButtonStyle<T>::handleAlphaUpdated() [with T = touchgfx::ClickButtonTrigger]	0	static
../../Middlewares/ST/touchgfx/framework/include/touchgfx/TypedText.hpp:65:13:virtual touchgfx::TypedText::~TypedText()	8	static
../../Middlewares/ST/touchgfx/framework/include/touchgfx/containers/buttons/AbstractButtonContainer.hpp:34:7:virtual touchgfx::AbstractButtonContainer::~AbstractButtonContainer()	8	static
../../Middlewares/ST/touchgfx/framework/include/touchgfx/containers/buttons/ClickButtonTrigger.hpp:35:7:virtual touchgfx::ClickButtonTrigger::~ClickButtonTrigger()	8	static
../../Middlewares/ST/touchgfx/framework/include/mvp/View.hpp:36:7:virtual touchgfx::View<beanGrindPresenter>::~View()	8	static
../../Middlewares/ST/touchgfx/framework/include/touchgfx/containers/scrollers/DrawableList.hpp:79:7:virtual touchgfx::DrawableListItems<listElement1, 5>::~DrawableListItems()	8	static
../../Middlewares/ST/touchgfx/framework/include/touchgfx/containers/buttons/IconButtonStyle.hpp:44:7:virtual touchgfx::IconButtonStyle<touchgfx::ClickButtonTrigger>::~IconButtonStyle()	8	static
../../Middlewares/ST/touchgfx/framework/include/touchgfx/Callback.hpp:218:8:virtual touchgfx::Callback<beanGrindViewBase, touchgfx::DrawableListItemsInterface*, short int, short int>::~Callback()	8	static
../../Middlewares/ST/touchgfx/framework/include/touchgfx/Callback.hpp:357:8:virtual touchgfx::Callback<beanGrindViewBase, const touchgfx::AbstractButtonContainer&>::~Callback()	8	static
C:/Users/Natha/Desktop/h5CoffeeMachine/TouchGFX/generated/gui_generated/src/beangrind_screen/beanGrindViewBase.cpp:85:6:virtual void beanGrindViewBase::setupScreen()	16	static
../../Middlewares/ST/touchgfx/framework/include/touchgfx/containers/buttons/IconButtonStyle.hpp:137:18:void touchgfx::IconButtonStyle<T>::handlePressedUpdated() [with T = touchgfx::ClickButtonTrigger]	0	static
C:/Users/Natha/Desktop/h5CoffeeMachine/TouchGFX/generated/gui_generated/src/beangrind_screen/beanGrindViewBase.cpp:80:1:beanGrindViewBase::~beanGrindViewBase()	8	static
C:/Users/Natha/Desktop/h5CoffeeMachine/TouchGFX/generated/gui_generated/src/beangrind_screen/beanGrindViewBase.cpp:80:1:virtual beanGrindViewBase::~beanGrindViewBase()	8	static
../../Middlewares/ST/touchgfx/framework/include/touchgfx/Drawable.hpp:121:18:virtual void touchgfx::Drawable::invalidateContent() const	0	static
../../Middlewares/ST/touchgfx/framework/include/touchgfx/containers/buttons/AbstractButtonContainer.hpp:99:18:virtual void touchgfx::AbstractButtonContainer::executeAction()	8	static
C:/Users/Natha/Desktop/h5CoffeeMachine/TouchGFX/generated/gui_generated/src/beangrind_screen/beanGrindViewBase.cpp:119:6:void beanGrindViewBase::updateItemCallbackHandler(touchgfx::DrawableListItemsInterface*, int16_t, int16_t)	16	static
../../Middlewares/ST/touchgfx/framework/include/touchgfx/containers/scrollers/DrawableList.hpp:82:23:touchgfx::Drawable* touchgfx::DrawableListItems<TYPE, SIZE>::getDrawable(int16_t) [with TYPE = listElement1; int SIZE = 5]	8	static
../../Middlewares/ST/touchgfx/framework/include/touchgfx/widgets/Widget.hpp:45:18:virtual void touchgfx::Widget::getLastChild(int16_t, int16_t, touchgfx::Drawable**)	0	static
../../Middlewares/ST/touchgfx/framework/include/touchgfx/containers/buttons/ClickButtonTrigger.hpp:47:18:virtual void touchgfx::ClickButtonTrigger::handleClickEvent(const touchgfx::ClickEvent&)	16	static
C:/Users/Natha/Desktop/h5CoffeeMachine/TouchGFX/generated/gui_generated/src/beangrind_screen/beanGrindViewBase.cpp:94:6:void beanGrindViewBase::flexButtonCallbackHandler(const touchgfx::AbstractButtonContainer&)	16	static
../../Middlewares/ST/touchgfx/framework/include/touchgfx/Drawable.hpp:343:10:void touchgfx::Drawable::setXY(int16_t, int16_t)	16	static
../../Middlewares/ST/touchgfx/framework/include/touchgfx/containers/buttons/IconButtonStyle.hpp:59:18:void touchgfx::IconButtonStyle<T>::setIconBitmaps(const touchgfx::Bitmap&, const touchgfx::Bitmap&) [with T = touchgfx::ClickButtonTrigger]	24	static
../../Middlewares/ST/touchgfx/framework/include/touchgfx/Drawable.hpp:233:10:void touchgfx::Drawable::setPosition(int16_t, int16_t, int16_t, int16_t)	16	static
../../Middlewares/ST/touchgfx/framework/include/touchgfx/widgets/Widget.hpp:36:7:touchgfx::Widget::Widget()	0	static
../../Middlewares/ST/touchgfx/framework/include/touchgfx/widgets/Box.hpp:33:5:touchgfx::Box::Box()	8	static
../../Middlewares/ST/touchgfx/framework/include/touchgfx/widgets/canvas/AbstractPainterRGB565.hpp:41:5:touchgfx::AbstractPainterRGB565::AbstractPainterRGB565()	16	static
../../Middlewares/ST/touchgfx/framework/include/touchgfx/widgets/TextArea.hpp:43:5:touchgfx::TextArea::TextArea()	8	static
../../Middlewares/ST/touchgfx/framework/include/touchgfx/containers/buttons/IconButtonStyle.hpp:47:5:touchgfx::IconButtonStyle<T>::IconButtonStyle() [with T = touchgfx::ClickButtonTrigger]	24	static
C:/Users/Natha/Desktop/h5CoffeeMachine/TouchGFX/generated/gui_generated/src/beangrind_screen/beanGrindViewBase.cpp:10:1:beanGrindViewBase::beanGrindViewBase()	104	static
