../../Middlewares/ST/touchgfx/framework/include/touchgfx/Application.hpp:72:18:virtual void touchgfx::Application::changeToStartScreen()	0	static
../../Middlewares/ST/touchgfx/framework/include/touchgfx/Application.hpp:91:18:virtual void touchgfx::Application::appSwitchScreen(uint8_t)	0	static
../../Middlewares/ST/touchgfx/framework/include/touchgfx/Application.hpp:104:18:virtual void touchgfx::Application::requestRedraw(touchgfx::Rect&)	0	static
../../Middlewares/ST/touchgfx/framework/include/touchgfx/transitions/Transition.hpp:72:18:virtual void touchgfx::Transition::tearDown()	0	static
../../Middlewares/ST/touchgfx/framework/include/touchgfx/transitions/Transition.hpp:80:18:virtual void touchgfx::Transition::init()	0	static
../../Middlewares/ST/touchgfx/framework/include/touchgfx/transitions/Transition.hpp:100:18:virtual void touchgfx::Transition::setScreenContainer(touchgfx::Container&)	0	static
../../Middlewares/ST/touchgfx/framework/include/mvp/MVPApplication.hpp:43:7:touchgfx::MVPApplication::~MVPApplication()	0	static
../../Middlewares/ST/touchgfx/framework/include/touchgfx/Callback.hpp:424:8:touchgfx::Callback<FrontendApplicationBase>::~Callback()	0	static
../../TouchGFX/generated/gui_generated/include/gui_generated/common/FrontendApplicationBase.hpp:16:13:FrontendApplicationBase::~FrontendApplicationBase()	0	static
../../TouchGFX/generated/gui_generated/include/gui_generated/common/FrontendApplicationBase.hpp:18:18:virtual void FrontendApplicationBase::changeToStartScreen()	0	static
../../Middlewares/ST/touchgfx/framework/include/touchgfx/transitions/NoTransition.hpp:35:18:virtual void touchgfx::NoTransition::handleTickEvent()	0	static
../../Middlewares/ST/touchgfx/framework/include/touchgfx/transitions/NoTransition.hpp:31:7:touchgfx::NoTransition::~NoTransition()	0	static
../../Middlewares/ST/touchgfx/framework/include/touchgfx/Callback.hpp:449:18:void touchgfx::Callback<dest_type, void, void, void>::execute() [with dest_type = FrontendApplicationBase]	4	static
../../Middlewares/ST/touchgfx/framework/include/touchgfx/Callback.hpp:459:18:bool touchgfx::Callback<dest_type, void, void, void>::isValid() const [with dest_type = FrontendApplicationBase]	0	static
../../Middlewares/ST/touchgfx/framework/include/touchgfx/transitions/NoTransition.hpp:31:7:virtual touchgfx::NoTransition::~NoTransition()	8	static
../../Middlewares/ST/touchgfx/framework/include/touchgfx/Callback.hpp:424:8:virtual touchgfx::Callback<FrontendApplicationBase>::~Callback()	8	static
../../Middlewares/ST/touchgfx/framework/include/mvp/MVPApplication.hpp:43:7:virtual touchgfx::MVPApplication::~MVPApplication()	8	static
../../TouchGFX/generated/gui_generated/include/gui_generated/common/FrontendApplicationBase.hpp:16:13:virtual FrontendApplicationBase::~FrontendApplicationBase()	8	static
../../Middlewares/ST/touchgfx/framework/include/touchgfx/transitions/Transition.hpp:89:18:virtual void touchgfx::Transition::invalidate()	8	static
../../Middlewares/ST/touchgfx/framework/include/mvp/MVPApplication.hpp:59:18:virtual void touchgfx::MVPApplication::handlePendingScreenTransition()	8	static
../../Middlewares/ST/touchgfx/framework/include/touchgfx/hal/HAL.hpp:268:17:static touchgfx::LCD& touchgfx::HAL::lcd()	0	static
C:/Users/Natha/Desktop/h5CoffeeMachine/TouchGFX/generated/gui_generated/src/common/FrontendApplicationBase.cpp:37:1:FrontendApplicationBase::FrontendApplicationBase(Model&, FrontendHeap&)	24	static
C:/Users/Natha/Desktop/h5CoffeeMachine/TouchGFX/generated/gui_generated/src/common/FrontendApplicationBase.cpp:56:6:void FrontendApplicationBase::gotofunctionSelectScreenNoTransition()	0	static
C:/Users/Natha/Desktop/h5CoffeeMachine/TouchGFX/generated/gui_generated/src/common/FrontendApplicationBase.cpp:69:6:void FrontendApplicationBase::gotosystemInfoScreenNoTransition()	0	static
C:/Users/Natha/Desktop/h5CoffeeMachine/TouchGFX/generated/gui_generated/src/common/FrontendApplicationBase.cpp:82:6:void FrontendApplicationBase::gotocoffeeMakeScreenNoTransition()	0	static
C:/Users/Natha/Desktop/h5CoffeeMachine/TouchGFX/generated/gui_generated/src/common/FrontendApplicationBase.cpp:95:6:void FrontendApplicationBase::gotocustomizeScreenNoTransition()	0	static
C:/Users/Natha/Desktop/h5CoffeeMachine/TouchGFX/generated/gui_generated/src/common/FrontendApplicationBase.cpp:108:6:void FrontendApplicationBase::gotomakeProgScreenNoTransition()	0	static
C:/Users/Natha/Desktop/h5CoffeeMachine/TouchGFX/generated/gui_generated/src/common/FrontendApplicationBase.cpp:121:6:void FrontendApplicationBase::gotobeanGrindScreenNoTransition()	0	static
C:/Users/Natha/Desktop/h5CoffeeMachine/TouchGFX/generated/gui_generated/src/common/FrontendApplicationBase.cpp:134:6:void FrontendApplicationBase::gotogrindManualScreenNoTransition()	0	static
C:/Users/Natha/Desktop/h5CoffeeMachine/TouchGFX/generated/gui_generated/src/common/FrontendApplicationBase.cpp:147:6:void FrontendApplicationBase::gotogrindAutoScreenNoTransition()	0	static
C:/Users/Natha/Desktop/h5CoffeeMachine/TouchGFX/generated/gui_generated/src/common/FrontendApplicationBase.cpp:160:6:void FrontendApplicationBase::gotobeanRoastScreenNoTransition()	0	static
C:/Users/Natha/Desktop/h5CoffeeMachine/TouchGFX/generated/gui_generated/src/common/FrontendApplicationBase.cpp:173:6:void FrontendApplicationBase::gotoroastProgScreenNoTransition()	0	static
C:/Users/Natha/Desktop/h5CoffeeMachine/TouchGFX/generated/gui_generated/src/common/FrontendApplicationBase.cpp:186:6:void FrontendApplicationBase::gotoscreenCheckScreenNoTransition()	0	static
../../Middlewares/ST/touchgfx/framework/include/common/AbstractPartition.hpp:135:8:T& touchgfx::AbstractPartition::at(uint16_t) [with T = touchgfx::NoTransition]	0	static
C:/Users/Natha/Desktop/h5CoffeeMachine/TouchGFX/generated/gui_generated/src/common/FrontendApplicationBase.cpp:192:6:void FrontendApplicationBase::gotoscreenCheckScreenNoTransitionImpl()	40	static
C:/Users/Natha/Desktop/h5CoffeeMachine/TouchGFX/generated/gui_generated/src/common/FrontendApplicationBase.cpp:179:6:void FrontendApplicationBase::gotoroastProgScreenNoTransitionImpl()	40	static
C:/Users/Natha/Desktop/h5CoffeeMachine/TouchGFX/generated/gui_generated/src/common/FrontendApplicationBase.cpp:166:6:void FrontendApplicationBase::gotobeanRoastScreenNoTransitionImpl()	40	static
C:/Users/Natha/Desktop/h5CoffeeMachine/TouchGFX/generated/gui_generated/src/common/FrontendApplicationBase.cpp:153:6:void FrontendApplicationBase::gotogrindAutoScreenNoTransitionImpl()	40	static
C:/Users/Natha/Desktop/h5CoffeeMachine/TouchGFX/generated/gui_generated/src/common/FrontendApplicationBase.cpp:140:6:void FrontendApplicationBase::gotogrindManualScreenNoTransitionImpl()	40	static
C:/Users/Natha/Desktop/h5CoffeeMachine/TouchGFX/generated/gui_generated/src/common/FrontendApplicationBase.cpp:127:6:void FrontendApplicationBase::gotobeanGrindScreenNoTransitionImpl()	40	static
C:/Users/Natha/Desktop/h5CoffeeMachine/TouchGFX/generated/gui_generated/src/common/FrontendApplicationBase.cpp:114:6:void FrontendApplicationBase::gotomakeProgScreenNoTransitionImpl()	40	static
C:/Users/Natha/Desktop/h5CoffeeMachine/TouchGFX/generated/gui_generated/src/common/FrontendApplicationBase.cpp:101:6:void FrontendApplicationBase::gotocustomizeScreenNoTransitionImpl()	40	static
C:/Users/Natha/Desktop/h5CoffeeMachine/TouchGFX/generated/gui_generated/src/common/FrontendApplicationBase.cpp:88:6:void FrontendApplicationBase::gotocoffeeMakeScreenNoTransitionImpl()	40	static
C:/Users/Natha/Desktop/h5CoffeeMachine/TouchGFX/generated/gui_generated/src/common/FrontendApplicationBase.cpp:75:6:void FrontendApplicationBase::gotosystemInfoScreenNoTransitionImpl()	40	static
C:/Users/Natha/Desktop/h5CoffeeMachine/TouchGFX/generated/gui_generated/src/common/FrontendApplicationBase.cpp:62:6:void FrontendApplicationBase::gotofunctionSelectScreenNoTransitionImpl()	40	static
