C:/Users/Natha/Desktop/h5CoffeeMachine/TouchGFX/generated/texts/src/TypedTextDatabase.cpp:117:43:const touchgfx::TypedText::TypedTextData* TypedTextDatabase::getInstance(touchgfx::LanguageId)	0	static
C:/Users/Natha/Desktop/h5CoffeeMachine/TouchGFX/generated/texts/src/TypedTextDatabase.cpp:122:10:uint16_t TypedTextDatabase::getInstanceSize()	0	static
C:/Users/Natha/Desktop/h5CoffeeMachine/TouchGFX/generated/texts/src/TypedTextDatabase.cpp:127:24:const touchgfx::Font** TypedTextDatabase::getFonts()	0	static
C:/Users/Natha/Desktop/h5CoffeeMachine/TouchGFX/generated/texts/src/TypedTextDatabase.cpp:132:23:const touchgfx::Font* TypedTextDatabase::setFont(touchgfx::FontId, const touchgfx::Font*)	0	static
C:/Users/Natha/Desktop/h5CoffeeMachine/TouchGFX/generated/texts/src/TypedTextDatabase.cpp:139:6:void TypedTextDatabase::resetFont(touchgfx::FontId)	8	static
C:/Users/Natha/Desktop/h5CoffeeMachine/TouchGFX/generated/texts/src/TypedTextDatabase.cpp:157:1:cpp)	8	static
