C:/Users/Natha/Desktop/h5CoffeeMachine/Drivers/STM32H5xx_HAL_Driver/Src/stm32h5xx_hal_xspi.c:2850:13:XSPI_DMACplt	0	static
C:/Users/Natha/Desktop/h5CoffeeMachine/Drivers/STM32H5xx_HAL_Driver/Src/stm32h5xx_hal_xspi.c:3008:26:XSPI_ConfigCmd	28	static
C:/Users/Natha/Desktop/h5CoffeeMachine/Drivers/STM32H5xx_HAL_Driver/Src/stm32h5xx_hal_xspi.c:2981:26:XSPI_WaitFlagStateUntilTimeout	24	static
C:/Users/Natha/Desktop/h5CoffeeMachine/Drivers/STM32H5xx_HAL_Driver/Src/stm32h5xx_hal_xspi.c:456:13:HAL_XSPI_MspInit	0	static
C:/Users/Natha/Desktop/h5CoffeeMachine/Drivers/STM32H5xx_HAL_Driver/Src/stm32h5xx_hal_xspi.c:323:19:HAL_XSPI_Init	24	static
C:/Users/Natha/Desktop/h5CoffeeMachine/Drivers/STM32H5xx_HAL_Driver/Src/stm32h5xx_hal_xspi.c:514:13:HAL_XSPI_MspDeInit	0	static
C:/Users/Natha/Desktop/h5CoffeeMachine/Drivers/STM32H5xx_HAL_Driver/Src/stm32h5xx_hal_xspi.c:471:19:HAL_XSPI_DeInit	8	static
C:/Users/Natha/Desktop/h5CoffeeMachine/Drivers/STM32H5xx_HAL_Driver/Src/stm32h5xx_hal_xspi.c:794:19:HAL_XSPI_Command	32	static
C:/Users/Natha/Desktop/h5CoffeeMachine/Drivers/STM32H5xx_HAL_Driver/Src/stm32h5xx_hal_xspi.c:931:19:HAL_XSPI_Command_IT	24	static
C:/Users/Natha/Desktop/h5CoffeeMachine/Drivers/STM32H5xx_HAL_Driver/Src/stm32h5xx_hal_xspi.c:1021:19:HAL_XSPI_HyperbusCfg	24	static
C:/Users/Natha/Desktop/h5CoffeeMachine/Drivers/STM32H5xx_HAL_Driver/Src/stm32h5xx_hal_xspi.c:1072:19:HAL_XSPI_HyperbusCmd	32	static
C:/Users/Natha/Desktop/h5CoffeeMachine/Drivers/STM32H5xx_HAL_Driver/Src/stm32h5xx_hal_xspi.c:1138:19:HAL_XSPI_Transmit	32	static
C:/Users/Natha/Desktop/h5CoffeeMachine/Drivers/STM32H5xx_HAL_Driver/Src/stm32h5xx_hal_xspi.c:1210:19:HAL_XSPI_Receive	32	static
C:/Users/Natha/Desktop/h5CoffeeMachine/Drivers/STM32H5xx_HAL_Driver/Src/stm32h5xx_hal_xspi.c:1300:19:HAL_XSPI_Transmit_IT	0	static
C:/Users/Natha/Desktop/h5CoffeeMachine/Drivers/STM32H5xx_HAL_Driver/Src/stm32h5xx_hal_xspi.c:1349:19:HAL_XSPI_Receive_IT	12	static
C:/Users/Natha/Desktop/h5CoffeeMachine/Drivers/STM32H5xx_HAL_Driver/Src/stm32h5xx_hal_xspi.c:1421:19:HAL_XSPI_Transmit_DMA	24	static
C:/Users/Natha/Desktop/h5CoffeeMachine/Drivers/STM32H5xx_HAL_Driver/Src/stm32h5xx_hal_xspi.c:1604:19:HAL_XSPI_Receive_DMA	24	static
C:/Users/Natha/Desktop/h5CoffeeMachine/Drivers/STM32H5xx_HAL_Driver/Src/stm32h5xx_hal_xspi.c:1804:19:HAL_XSPI_AutoPolling	40	static
C:/Users/Natha/Desktop/h5CoffeeMachine/Drivers/STM32H5xx_HAL_Driver/Src/stm32h5xx_hal_xspi.c:1885:19:HAL_XSPI_AutoPolling_IT	32	static
C:/Users/Natha/Desktop/h5CoffeeMachine/Drivers/STM32H5xx_HAL_Driver/Src/stm32h5xx_hal_xspi.c:1958:19:HAL_XSPI_MemoryMapped	24	static
C:/Users/Natha/Desktop/h5CoffeeMachine/Drivers/STM32H5xx_HAL_Driver/Src/stm32h5xx_hal_xspi.c:2009:13:HAL_XSPI_ErrorCallback	0	static
C:/Users/Natha/Desktop/h5CoffeeMachine/Drivers/STM32H5xx_HAL_Driver/Src/stm32h5xx_hal_xspi.c:2024:13:HAL_XSPI_AbortCpltCallback	0	static
C:/Users/Natha/Desktop/h5CoffeeMachine/Drivers/STM32H5xx_HAL_Driver/Src/stm32h5xx_hal_xspi.c:2926:13:XSPI_DMAAbortCplt	8	static
C:/Users/Natha/Desktop/h5CoffeeMachine/Drivers/STM32H5xx_HAL_Driver/Src/stm32h5xx_hal_xspi.c:2039:13:HAL_XSPI_FifoThresholdCallback	0	static
C:/Users/Natha/Desktop/h5CoffeeMachine/Drivers/STM32H5xx_HAL_Driver/Src/stm32h5xx_hal_xspi.c:2054:13:HAL_XSPI_CmdCpltCallback	0	static
C:/Users/Natha/Desktop/h5CoffeeMachine/Drivers/STM32H5xx_HAL_Driver/Src/stm32h5xx_hal_xspi.c:2069:13:HAL_XSPI_RxCpltCallback	0	static
C:/Users/Natha/Desktop/h5CoffeeMachine/Drivers/STM32H5xx_HAL_Driver/Src/stm32h5xx_hal_xspi.c:2084:13:HAL_XSPI_TxCpltCallback	0	static
C:/Users/Natha/Desktop/h5CoffeeMachine/Drivers/STM32H5xx_HAL_Driver/Src/stm32h5xx_hal_xspi.c:2099:13:HAL_XSPI_RxHalfCpltCallback	0	static
C:/Users/Natha/Desktop/h5CoffeeMachine/Drivers/STM32H5xx_HAL_Driver/Src/stm32h5xx_hal_xspi.c:2114:13:HAL_XSPI_TxHalfCpltCallback	0	static
C:/Users/Natha/Desktop/h5CoffeeMachine/Drivers/STM32H5xx_HAL_Driver/Src/stm32h5xx_hal_xspi.c:2867:13:XSPI_DMAHalfCplt	8	static
C:/Users/Natha/Desktop/h5CoffeeMachine/Drivers/STM32H5xx_HAL_Driver/Src/stm32h5xx_hal_xspi.c:2129:13:HAL_XSPI_StatusMatchCallback	0	static
C:/Users/Natha/Desktop/h5CoffeeMachine/Drivers/STM32H5xx_HAL_Driver/Src/stm32h5xx_hal_xspi.c:2144:13:HAL_XSPI_TimeOutCallback	0	static
C:/Users/Natha/Desktop/h5CoffeeMachine/Drivers/STM32H5xx_HAL_Driver/Src/stm32h5xx_hal_xspi.c:554:6:HAL_XSPI_IRQHandler	16	static
C:/Users/Natha/Desktop/h5CoffeeMachine/Drivers/STM32H5xx_HAL_Driver/Src/stm32h5xx_hal_xspi.c:2395:19:HAL_XSPI_Abort	24	static
C:/Users/Natha/Desktop/h5CoffeeMachine/Drivers/STM32H5xx_HAL_Driver/Src/stm32h5xx_hal_xspi.c:2471:19:HAL_XSPI_Abort_IT	16	static
C:/Users/Natha/Desktop/h5CoffeeMachine/Drivers/STM32H5xx_HAL_Driver/Src/stm32h5xx_hal_xspi.c:2895:13:XSPI_DMAError	8	static
C:/Users/Natha/Desktop/h5CoffeeMachine/Drivers/STM32H5xx_HAL_Driver/Src/stm32h5xx_hal_xspi.c:2563:19:HAL_XSPI_SetFifoThreshold	0	static
C:/Users/Natha/Desktop/h5CoffeeMachine/Drivers/STM32H5xx_HAL_Driver/Src/stm32h5xx_hal_xspi.c:2592:10:HAL_XSPI_GetFifoThreshold	0	static
C:/Users/Natha/Desktop/h5CoffeeMachine/Drivers/STM32H5xx_HAL_Driver/Src/stm32h5xx_hal_xspi.c:2602:19:HAL_XSPI_SetMemoryType	0	static
C:/Users/Natha/Desktop/h5CoffeeMachine/Drivers/STM32H5xx_HAL_Driver/Src/stm32h5xx_hal_xspi.c:2631:19:HAL_XSPI_SetDeviceSize	0	static
C:/Users/Natha/Desktop/h5CoffeeMachine/Drivers/STM32H5xx_HAL_Driver/Src/stm32h5xx_hal_xspi.c:2661:19:HAL_XSPI_SetClockPrescaler	0	static
C:/Users/Natha/Desktop/h5CoffeeMachine/Drivers/STM32H5xx_HAL_Driver/Src/stm32h5xx_hal_xspi.c:2690:19:HAL_XSPI_SetTimeout	0	static
C:/Users/Natha/Desktop/h5CoffeeMachine/Drivers/STM32H5xx_HAL_Driver/Src/stm32h5xx_hal_xspi.c:2701:10:HAL_XSPI_GetError	0	static
C:/Users/Natha/Desktop/h5CoffeeMachine/Drivers/STM32H5xx_HAL_Driver/Src/stm32h5xx_hal_xspi.c:2711:10:HAL_XSPI_GetState	0	static
C:/Users/Natha/Desktop/h5CoffeeMachine/Drivers/STM32H5xx_HAL_Driver/Src/stm32h5xx_hal_xspi.c:2742:19:HAL_XSPI_DLYB_SetConfig	16	static
C:/Users/Natha/Desktop/h5CoffeeMachine/Drivers/STM32H5xx_HAL_Driver/Src/stm32h5xx_hal_xspi.c:2781:19:HAL_XSPI_DLYB_GetConfig	8	static
C:/Users/Natha/Desktop/h5CoffeeMachine/Drivers/STM32H5xx_HAL_Driver/Src/stm32h5xx_hal_xspi.c:2804:19:HAL_XSPI_DLYB_GetClockPeriod	16	static
