Drawable.hpp:121:18:virtual void touchgfx::Drawable::invalidateContent() const	0	static
Drawable.hpp:147:23:virtual touchgfx::Drawable* touchgfx::Drawable::getFirstChild()	0	static
Drawable.hpp:315:18:virtual void touchgfx::Drawable::setX(int16_t)	0	static
Drawable.hpp:327:18:virtual void touchgfx::Drawable::setY(int16_t)	0	static
Drawable.hpp:356:18:virtual void touchgfx::Drawable::setWidth(int16_t)	0	static
Drawable.hpp:368:18:virtual void touchgfx::Drawable::setHeight(int16_t)	0	static
Drawable.hpp:378:18:virtual void touchgfx::Drawable::childGeometryChanged()	0	static
Drawable.hpp:389:18:virtual void touchgfx::Drawable::handleClickEvent(const touchgfx::ClickEvent&)	0	static
Drawable.hpp:401:18:virtual void touchgfx::Drawable::handleGestureEvent(const touchgfx::GestureEvent&)	0	static
Drawable.hpp:490:18:virtual void touchgfx::Drawable::handleDragEvent(const touchgfx::DragEvent&)	0	static
Drawable.hpp:501:18:virtual void touchgfx::Drawable::handleTickEvent()	0	static
Drawable.hpp:588:18:virtual void touchgfx::Drawable::moveTo(int16_t, int16_t)	4	static
Drawable.hpp:703:18:virtual void touchgfx::Drawable::setupDrawChain(const touchgfx::Rect&, touchgfx::Drawable**)	0	static
Widget.hpp:45:18:virtual void touchgfx::Widget::getLastChild(int16_t, int16_t, touchgfx::Drawable**)	0	static
Container.hpp:165:23:virtual touchgfx::Drawable* touchgfx::Container::getFirstChild()	0	static
Screen.hpp:93:18:virtual void touchgfx::Screen::setupScreen()	0	static
Screen.hpp:104:18:virtual void touchgfx::Screen::afterTransition()	0	static
Screen.hpp:115:18:virtual void touchgfx::Screen::tearDownScreen()	0	static
Screen.hpp:144:18:virtual void touchgfx::Screen::handleTickEvent()	0	static
Screen.hpp:154:18:virtual void touchgfx::Screen::handleKeyEvent(uint8_t)	0	static
TypedText.hpp:65:13:touchgfx::TypedText::~TypedText()	0	static
TextArea.hpp:48:18:virtual void touchgfx::TextArea::setWidth(int16_t)	32	static
TextArea.hpp:54:18:virtual void touchgfx::TextArea::setHeight(int16_t)	32	static
TextArea.hpp:60:18:virtual touchgfx::Rect touchgfx::TextArea::getSolidRect() const	0	static
TextArea.hpp:89:18:virtual void touchgfx::TextArea::setAlpha(uint8_t)	0	static
TextArea.hpp:127:18:virtual void touchgfx::TextArea::setXBaselineY(int16_t, int16_t)	16	static
TextArea.hpp:403:41:virtual const UnicodeChar* touchgfx::TextArea::getWildcard2() const	0	static
TextAreaWithWildcard.hpp:43:18:virtual void touchgfx::TextAreaWithWildcardBase::invalidateContent() const	8	static
TextAreaWithWildcard.hpp:84:41:virtual const UnicodeChar* touchgfx::TextAreaWithOneWildcard::getWildcard1() const	0	static
AbstractButtonContainer.hpp:114:18:virtual void touchgfx::AbstractButtonContainer::handlePressedUpdated()	0	static
AbstractButtonContainer.hpp:119:18:virtual void touchgfx::AbstractButtonContainer::handleAlphaUpdated()	0	static
AbstractButtonContainer.hpp:34:7:touchgfx::AbstractButtonContainer::~AbstractButtonContainer()	0	static
View.hpp:36:7:touchgfx::View<customizePresenter>::~View()	0	static
customizeViewBase.cpp:121:1:customizeViewBase::~customizeViewBase()	0	static
customizeViewBase.cpp:126:6:virtual void customizeViewBase::setupScreen()	0	static
Callback.hpp:357:8:touchgfx::Callback<touchgfx::RadioButtonGroup<2>, const touchgfx::AbstractButton&, void, void>::~Callback()	0	static
RadioButtonGroup.hpp:53:13:touchgfx::RadioButtonGroup<CAPACITY>::~RadioButtonGroup() [with short unsigned int CAPACITY = 2]	0	static
ClickButtonTrigger.hpp:35:7:touchgfx::ClickButtonTrigger::~ClickButtonTrigger()	0	static
Callback.hpp:357:8:touchgfx::Callback<customizeViewBase, const touchgfx::AbstractButtonContainer&>::~Callback()	0	static
Callback.hpp:357:8:touchgfx::Callback<customizeViewBase, const touchgfx::AbstractButton&>::~Callback()	0	static
IconButtonStyle.hpp:44:7:touchgfx::IconButtonStyle<touchgfx::ClickButtonTrigger>::~IconButtonStyle()	0	static
TextAreaWithWildcard.hpp:62:7:touchgfx::TextAreaWithOneWildcard::~TextAreaWithOneWildcard()	0	static
Callback.hpp:386:18:void touchgfx::Callback<dest_type, T1, void, void>::execute(T1) [with dest_type = customizeViewBase; T1 = const touchgfx::AbstractButtonContainer&]	8	static
Callback.hpp:396:18:bool touchgfx::Callback<dest_type, T1, void, void>::isValid() const [with dest_type = customizeViewBase; T1 = const touchgfx::AbstractButtonContainer&]	0	static
Callback.hpp:386:18:void touchgfx::Callback<dest_type, T1, void, void>::execute(T1) [with dest_type = customizeViewBase; T1 = const touchgfx::AbstractButton&]	8	static
Callback.hpp:396:18:bool touchgfx::Callback<dest_type, T1, void, void>::isValid() const [with dest_type = customizeViewBase; T1 = const touchgfx::AbstractButton&]	0	static
IconButtonStyle.hpp:144:18:void touchgfx::IconButtonStyle<T>::handleAlphaUpdated() [with T = touchgfx::ClickButtonTrigger]	0	static
RadioButtonGroup.hpp:78:26:touchgfx::RadioButton* touchgfx::RadioButtonGroup<CAPACITY>::getRadioButton(uint16_t) const [with short unsigned int CAPACITY = 2]	0	static
RadioButtonGroup.hpp:89:21:int32_t touchgfx::RadioButtonGroup<CAPACITY>::getSelectedRadioButtonIndex() const [with short unsigned int CAPACITY = 2]	8	static
RadioButtonGroup.hpp:107:26:touchgfx::RadioButton* touchgfx::RadioButtonGroup<CAPACITY>::getSelectedRadioButton() const [with short unsigned int CAPACITY = 2]	8	static
RadioButtonGroup.hpp:138:18:void touchgfx::RadioButtonGroup<CAPACITY>::setDeselectionEnabled(bool) [with short unsigned int CAPACITY = 2]	12	static
RadioButtonGroup.hpp:153:18:bool touchgfx::RadioButtonGroup<CAPACITY>::getDeselectionEnabled() const [with short unsigned int CAPACITY = 2]	0	static
Callback.hpp:386:18:void touchgfx::Callback<dest_type, T1, void, void>::execute(T1) [with dest_type = touchgfx::RadioButtonGroup<2>; T1 = const touchgfx::AbstractButton&]	8	static
Callback.hpp:396:18:bool touchgfx::Callback<dest_type, T1, void, void>::isValid() const [with dest_type = touchgfx::RadioButtonGroup<2>; T1 = const touchgfx::AbstractButton&]	0	static
RadioButtonGroup.hpp:122:18:void touchgfx::RadioButtonGroup<CAPACITY>::setSelected(touchgfx::RadioButton&) [with short unsigned int CAPACITY = 2]	16	static
TypedText.hpp:65:13:virtual touchgfx::TypedText::~TypedText()	8	static
View.hpp:36:7:virtual touchgfx::View<customizePresenter>::~View()	8	static
AbstractButtonContainer.hpp:34:7:virtual touchgfx::AbstractButtonContainer::~AbstractButtonContainer()	8	static
ClickButtonTrigger.hpp:35:7:virtual touchgfx::ClickButtonTrigger::~ClickButtonTrigger()	8	static
TextAreaWithWildcard.hpp:62:7:virtual touchgfx::TextAreaWithOneWildcard::~TextAreaWithOneWildcard()	8	static
IconButtonStyle.hpp:44:7:virtual touchgfx::IconButtonStyle<touchgfx::ClickButtonTrigger>::~IconButtonStyle()	8	static
RadioButtonGroup.hpp:53:13:touchgfx::RadioButtonGroup<CAPACITY>::~RadioButtonGroup() [with short unsigned int CAPACITY = 2]	8	static
Callback.hpp:357:8:virtual touchgfx::Callback<touchgfx::RadioButtonGroup<2>, const touchgfx::AbstractButton&, void, void>::~Callback()	8	static
Callback.hpp:357:8:virtual touchgfx::Callback<customizeViewBase, const touchgfx::AbstractButton&>::~Callback()	8	static
Callback.hpp:357:8:virtual touchgfx::Callback<customizeViewBase, const touchgfx::AbstractButtonContainer&>::~Callback()	8	static
customizeViewBase.cpp:121:1:virtual customizeViewBase::~customizeViewBase()	8	static
TextArea.hpp:111:18:virtual void touchgfx::TextArea::setBaselineY(int16_t)	16	static
RadioButtonGroup.hpp:63:18:void touchgfx::RadioButtonGroup<CAPACITY>::add(touchgfx::RadioButton&) [with short unsigned int CAPACITY = 2]	8	static
IconButtonStyle.hpp:137:18:void touchgfx::IconButtonStyle<T>::handlePressedUpdated() [with T = touchgfx::ClickButtonTrigger]	0	static
AbstractButtonContainer.hpp:99:18:virtual void touchgfx::AbstractButtonContainer::executeAction()	8	static
RadioButtonGroup.hpp:227:18:void touchgfx::RadioButtonGroup<CAPACITY>::radioButtonDeselectedHandler(const touchgfx::AbstractButton&) [with short unsigned int CAPACITY = 2]	16	static
customizeViewBase.cpp:131:6:void customizeViewBase::radioButtonSelectedCallbackHandler(const touchgfx::AbstractButton&)	24	static
RadioButtonGroup.hpp:202:18:void touchgfx::RadioButtonGroup<CAPACITY>::radioButtonClickedHandler(const touchgfx::AbstractButton&) [with short unsigned int CAPACITY = 2]	16	static
ClickButtonTrigger.hpp:47:18:virtual void touchgfx::ClickButtonTrigger::handleClickEvent(const touchgfx::ClickEvent&)	16	static
customizeViewBase.cpp:151:6:void customizeViewBase::flexButtonCallbackHandler(const touchgfx::AbstractButtonContainer&)	8	static
customizeViewBase.cpp:162:6:void customizeViewBase::buttonCallbackHandler(const touchgfx::AbstractButton&)	8	static
TextAreaWithWildcard.hpp:49:36:virtual touchgfx::TextArea::BoundingArea touchgfx::TextAreaWithWildcardBase::calculateBoundingArea() const	0	static
Drawable.hpp:48:5:touchgfx::Drawable::Drawable()	0	static
Drawable.hpp:343:10:void touchgfx::Drawable::setXY(int16_t, int16_t)	16	static
IconButtonStyle.hpp:59:18:void touchgfx::IconButtonStyle<T>::setIconBitmaps(const touchgfx::Bitmap&, const touchgfx::Bitmap&) [with T = touchgfx::ClickButtonTrigger]	32	static
Drawable.hpp:233:10:void touchgfx::Drawable::setPosition(int16_t, int16_t, int16_t, int16_t)	16	static
Box.hpp:33:5:touchgfx::Box::Box()	8	static
TextArea.hpp:43:5:touchgfx::TextArea::TextArea()	8	static
RadioButton.hpp:41:5:touchgfx::RadioButton::RadioButton()	8	static
ButtonWithLabel.hpp:132:10:void touchgfx::ButtonWithLabel::updateTextPosition()	24	static
customizeViewBase.cpp:9:1:customizeViewBase::customizeViewBase()	144	static
