beanGrindPresenter.hpp:28:13:beanGrindPresenter::~beanGrindPresenter()	0	static
beanGrindPresenter.cpp:10:6:virtual void beanGrindPresenter::activate()	0	static
beanGrindPresenter.hpp:28:13:virtual beanGrindPresenter::~beanGrindPresenter()	8	static
beanGrindPresenter.cpp:20:6:virtual void beanGrindPresenter::menuSelected(int16_t)	0	static
beanGrindPresenter.hpp:28:13:virtual void* beanGrindPresenter::_ZThn4_N18beanGrindPresenterD1Ev()	0	static
beanGrindPresenter.cpp:4:1:beanGrindPresenter::beanGrindPresenter(beanGrindView&)	8	static
