HAL.hpp:124:18:virtual void touchgfx::HAL::setDisplayOrientation(touchgfx::DisplayOrientation)	0	static
HAL.hpp:670:18:virtual bool touchgfx::HAL::sampleKey(uint8_t&)	0	static
HAL.hpp:737:18:virtual void touchgfx::HAL::setAnimationStorage(void*)	0	static
HAL.hpp:876:30:virtual touchgfx::FlashDataReader* touchgfx::HAL::getFlashDataReader() const	0	static
HAL.hpp:1025:18:virtual void touchgfx::HAL::taskDelay(uint16_t)	0	static
HAL.hpp:1052:22:virtual uint16_t touchgfx::HAL::getTFTCurrentLine()	0	static
HAL.hpp:1063:21:virtual touchgfx::DMAType touchgfx::HAL::getDMAType()	0	static
HAL.hpp:1189:18:virtual void touchgfx::HAL::InvalidateCache()	0	static
HAL.hpp:1199:18:virtual void touchgfx::HAL::FlushCache()	0	static
TouchGFXHAL.cpp:213:39:void FMC_BANK1_WriteReg(uint8_t)	8	static
TouchGFXHAL.cpp:220:39:void FMC_BANK1_WriteData(uint8_t)	8	static
TouchGFXHAL.cpp:250:13:void DMA_TxErrorCallback(DMA_HandleTypeDef*)	0	static
TouchGFXHAL.hpp:63:7:TouchGFXHAL::~TouchGFXHAL()	0	static
TouchGFXHAL.cpp:233:13:void DMA_TxCpltCallback(DMA_HandleTypeDef*)	0	static
TouchGFXHAL.cpp:92:11:virtual uint16_t* TouchGFXHAL::getTFTFrameBuffer() const	0	static
TouchGFXHAL.cpp:107:6:virtual void TouchGFXHAL::setTFTFrameBuffer(uint16_t*)	0	static
TouchGFXHAL.cpp:124:6:virtual void TouchGFXHAL::flushFrameBuffer(const touchgfx::Rect&)	0	static
TouchGFXHAL.cpp:139:6:virtual bool TouchGFXHAL::blockCopy(void*, const void*, uint32_t)	0	static
TouchGFXHAL.cpp:148:6:virtual void TouchGFXHAL::configureInterrupts()	0	static
TouchGFXHAL.cpp:161:6:virtual void TouchGFXHAL::enableInterrupts()	0	static
TouchGFXHAL.cpp:174:6:virtual void TouchGFXHAL::disableInterrupts()	0	static
TouchGFXHAL.cpp:188:6:virtual void TouchGFXHAL::enableLCDControllerInterrupt()	0	static
TouchGFXHAL.cpp:198:6:virtual bool TouchGFXHAL::beginFrame()	0	static
TouchGFXHAL.cpp:204:6:virtual void TouchGFXHAL::endFrame()	8	static
TouchGFXHAL.cpp:458:6:virtual void TouchGFXHAL::taskEntry()	8	static
HAL.hpp:638:18:virtual void touchgfx::HAL::backPorchExited()	8	static
HAL.hpp:720:18:virtual void touchgfx::HAL::setFrameBufferStartAddresses(void*, void*, void*)	8	static
HAL.hpp:156:18:virtual void touchgfx::HAL::setFrameBufferSize(uint16_t, uint16_t)	8	static
TouchGFXHAL.hpp:135:18:virtual void TouchGFXHAL::flushFrameBuffer()	0	static
TouchGFXHAL.hpp:63:7:virtual TouchGFXHAL::~TouchGFXHAL()	8	static
HAL.hpp:320:28:virtual touchgfx::BlitOperations touchgfx::HAL::getBlitCaps()	0	static
HAL.hpp:1162:18:virtual void touchgfx::HAL::performDisplayOrientationChange()	8	static
TouchGFXHAL.cpp:48:16:int touchgfxDisplayDriverTransmitActive()	0	static
TouchGFXHAL.cpp:62:16:int touchgfxDisplayDriverShouldTransferBlock(uint16_t)	0	static
TouchGFXHAL.cpp:269:6:void initLCD()	8	static
TouchGFXHAL.cpp:72:6:virtual void TouchGFXHAL::initialize()	16	static
TouchGFXHAL.cpp:372:6:void setDisplayWindow(uint32_t, uint32_t, uint32_t, uint32_t)	24	static
TouchGFXHAL.cpp:53:17:void touchgfxDisplayDriverTransmitBlock(const uint8_t*, uint16_t, uint16_t, uint16_t, uint16_t)	16	static
TouchGFXHAL.cpp:391:6:void HAL_GPIO_EXTI_Rising_Callback(uint16_t)	16	static
TouchGFXHAL.cpp:428:6:void HAL_GPIO_EXTI_Falling_Callback(uint16_t)	8	static
TouchGFXHAL.cpp:444:19:long int IdleTaskHook(void*)	8	static
TouchGFXHAL.cpp:472:1:cpp)	0	static
