Screen.hpp:104:18:virtual void touchgfx::Screen::afterTransition()	0	static
Screen.hpp:144:18:virtual void touchgfx::Screen::handleTickEvent()	0	static
Screen.hpp:154:18:virtual void touchgfx::Screen::handleKeyEvent(uint8_t)	0	static
grindAutoView.cpp:13:6:virtual void grindAutoView::tearDownScreen()	0	static
grindAutoView.hpp:11:13:grindAutoView::~grindAutoView()	8	static
grindAutoView.hpp:11:13:virtual grindAutoView::~grindAutoView()	8	static
grindAutoView.cpp:3:1:grindAutoView::grindAutoView()	8	static
grindAutoView.cpp:8:6:virtual void grindAutoView::setupScreen()	0	static
